
> ultra-build-satna@0.1.0 build
> next build --turbopack

   Γû▓ Next.js 15.5.7 (Turbopack)

   Creating an optimized production build ...
 Γ£ô Finished writing to disk in 510ms
 Γ£ô Compiled successfully in 4.5s
   Skipping linting
   Checking validity of types ...
   Collecting page data ...
   Generating static pages (0/12) ...
   Generating static pages (3/12) 
   Generating static pages (6/12) 
   Generating static pages (9/12) 
 Γ£ô Generating static pages (12/12)
   Finalizing page optimization ...
   Collecting build traces ...

Route (app)                         Size  First Load JS
Γöî Γùï /                            15.2 kB         135 kB
Γö£ Γùï /_not-found                      0 B         120 kB
Γö£ Γùï /about                       7.17 kB         127 kB
Γö£ Γùï /achievement                 2.85 kB         123 kB
Γö£ Γùï /boardofdirectore            2.21 kB         122 kB
Γö£ Γùï /clintimage                   1.7 kB         121 kB
Γö£ Γùï /contact                     2.43 kB         122 kB
Γö£ Γùï /gallery                     6.58 kB         126 kB
Γöö Γùï /project                     2.19 kB         122 kB
+ First Load JS shared by all     129 kB
  Γö£ chunks/5f11500e67954124.js   59.2 kB
  Γö£ chunks/8082ab48faca5ea1.js   17.2 kB
  Γö£ chunks/b03cfd9604e57134.js   20.4 kB
  Γöö other shared chunks (total)  32.6 kB


Γùï  (Static)  prerendered as static content

